// Jest Snapshot v1, https://goo.gl/fbAQLP

exports[`<FormInner /> should match snapshot 1`] = `
<styled.form
  onReset={[Function]}
  onSubmit={[Function]}
>
  children
  <Submit
    disabled={true}
  />
</styled.form>
`;
