// Jest Snapshot v1, https://goo.gl/fbAQLP

exports[`<LabelledField /> should match snapshot 1`] = `
<Fragment>
  <styled.label>
    label
    <FormikConnect(FieldInner)
      name="name"
      type="type"
    />
  </styled.label>
  <FormikConnect(ErrorMessageImpl)
    name="name"
  />
</Fragment>
`;
