// Jest Snapshot v1, https://goo.gl/fbAQLP

exports[`<Submit /> should match snapshot 1`] = `
<button
  disabled={true}
  type="submit"
>
  Submit
</button>
`;
