// Jest Snapshot v1, https://goo.gl/fbAQLP

exports[`<SignOutButton /> should match snapshot 1`] = `
<styled.button
  onClick={[Function]}
>
  Sign out
</styled.button>
`;
