// Jest Snapshot v1, https://goo.gl/fbAQLP

exports[`<SignUp /> should match snapshot 1`] = `
<Screen
  title="Sign up"
>
  <Profile />
  <SignUpForm />
</Screen>
`;
