// Jest Snapshot v1, https://goo.gl/fbAQLP

exports[`<Screen /> should match snapshot 1`] = `
<Fragment>
  <h1>
    Title
  </h1>
  Content
</Fragment>
`;
